Last login: Sat Aug 22 21:08:48 on ttys001
Ashleys-MacBook-Pro:~ electrikoala$ man mount
Ashleys-MacBook-Pro:~ electrikoala$ sudo mount /dev/cdrom /media/cdrom
Password:
mount: You must specify a filesystem type with -t.
Ashleys-MacBook-Pro:~ electrikoala$ sudo mount //dev/cdrom /media/cdrom
mount: You must specify a filesystem type with -t.
Ashleys-MacBook-Pro:~ electrikoala$ ssh sandbox.dev
Welcome to Ubuntu 14.04.3 LTS (GNU/Linux 3.19.0-25-generic x86_64)

 * Documentation:  https://help.ubuntu.com/
Last login: Sat Aug 22 21:11:34 2015 from 10.0.2.2
ashleymk@sandbox:~$ man mount
ashleymk@sandbox:~$ sudo mount /dev/cdrom /media/cdrom
[sudo] password for ashleymk: 
mount: block device /dev/sr0 is write-protected, mounting read-only
ashleymk@sandbox:~$ sudo sh /media/cdrom/VboxLinkAdditions.run
sh: 0: Can't open /media/cdrom/VboxLinkAdditions.run
ashleymk@sandbox:~$ sudo sh /edia/cdrom/VBoxLinuxAdditions.run
sh: 0: Can't open /edia/cdrom/VBoxLinuxAdditions.run
ashleymk@sandbox:~$ sudo sh /media/cdrom/VBoxLinuxAdditions.run
Verifying archive integrity... All good.
Uncompressing VirtualBox 5.0.0 Guest Additions for Linux............
VirtualBox Guest Additions installer
Removing installed version 5.0.0 of VirtualBox Guest Additions...
Stopping VirtualBox Additions ...fail!
(Cannot unload module vboxguest)
Removing existing VirtualBox DKMS kernel modules ...done.
Removing existing VirtualBox non-DKMS kernel modules ...done.
Stopping VirtualBox Guest Addition service  ...done.
Copying additional installer modules ...
Installing additional modules ...
Removing existing VirtualBox DKMS kernel modules ...done.
Removing existing VirtualBox non-DKMS kernel modules ...done.
Building the VirtualBox Guest Additions kernel modules ...done.
Doing non-kernel setup of the Guest Additions ...done.
You should restart your guest to make sure the new modules are actually used

Installing the Window System drivers
Could not find the X.Org or XFree86 Window System, skipping.
ashleymk@sandbox:~$ sudo reboot

Broadcast message from ashleymk@sandbox
	(/dev/pts/0) at 21:18 ...

The system is going down for reboot NOW!
ashleymk@sandbox:~$ Connection to sandbox.dev closed by remote host.
Connection to sandbox.dev closed.
Ashleys-MacBook-Pro:~ electrikoala$ ssh sandbox.dev
Welcome to Ubuntu 14.04.3 LTS (GNU/Linux 3.19.0-25-generic x86_64)

 * Documentation:  https://help.ubuntu.com/
Last login: Sat Aug 22 21:15:26 2015 from 10.0.2.2
ashleymk@sandbox:~$ lsmod
Module                  Size  Used by
vboxsf                 45056  1 
ppdev                  20480  0 
crct10dif_pclmul       16384  0 
crc32_pclmul           16384  0 
ghash_clmulni_intel    16384  0 
aesni_intel           172032  0 
aes_x86_64             20480  1 aesni_intel
lrw                    16384  1 aesni_intel
gf128mul               16384  1 lrw
glue_helper            16384  1 aesni_intel
ablk_helper            16384  1 aesni_intel
cryptd                 20480  3 ghash_clmulni_intel,aesni_intel,ablk_helper
vboxguest             278528  2 vboxsf
serio_raw              16384  0 
parport_pc             32768  0 
video                  20480  0 
lp                     20480  0 
parport                45056  3 lp,ppdev,parport_pc
psmouse               114688  0 
e1000                 135168  0 
ahci                   36864  2 
libahci                32768  1 ahci
ashleymk@sandbox:~$ ls -la /media
total 12
drwxr-xr-x  4 root root   4096 Aug 22 20:47 .
drwxr-xr-x 22 root root   4096 Aug 22 19:53 ..
drwxr-xr-x  2 root root   4096 Aug 22 19:52 cdrom
drwxrwx---  1 root vboxsf   68 Aug 22 19:06 sf_sandbox
ashleymk@sandbox:~$ cd /media/sf_sandbox
ashleymk@sandbox:/media/sf_sandbox$ cd /etc
ashleymk@sandbox:/etc$ ls
acpi                    gshadow          mime.types     rmt
adduser.conf            gshadow-         mke2fs.conf    rpc
alternatives            host.conf        modprobe.d     rsyslog.conf
apache2                 hostname         modules        rsyslog.d
apparmor                hosts            mtab           securetty
apparmor.d              hosts.allow      mysql          security
apt                     hosts.deny       nanorc         selinux
bash.bashrc             init             network        services
bash_completion.d       init.d           networks       sgml
bindresvport.blacklist  initramfs-tools  newt           shadow
blkid.conf              inputrc          nsswitch.conf  shadow-
blkid.tab               insserv          opt            shells
ca-certificates         insserv.conf     os-release     skel
ca-certificates.conf    insserv.conf.d   pam.conf       ssh
calendar                iproute2         pam.d          ssl
console-setup           iscsi            passwd         subgid
cron.d                  issue            passwd-        subgid-
cron.daily              issue.net        perl           subuid
cron.hourly             kbd              php5           subuid-
cron.monthly            kernel           pm             sudoers
crontab                 kernel-img.conf  ppp            sudoers.d
cron.weekly             ldap             profile        sysctl.conf
dbus-1                  ld.so.cache      profile.d      sysctl.d
debconf.conf            ld.so.conf       protocols      systemd
debian_version          ld.so.conf.d     python         terminfo
default                 legal            python2.7      timezone
deluser.conf            libaudit.conf    python3        ucf.conf
depmod.d                locale.alias     python3.4      udev
dhcp                    localtime        rc0.d          ufw
dkms                    logcheck         rc1.d          update-motd.d
dpkg                    login.defs       rc2.d          upstart-xsessions
environment             logrotate.conf   rc3.d          vim
fstab                   logrotate.d      rc4.d          vtrgb
fstab.d                 lsb-release      rc5.d          wgetrc
gai.conf                magic            rc6.d          X11
groff                   magic.mime       rc.local       xml
group                   mailcap          rcS.d
group-                  mailcap.order    resolvconf
grub.d                  manpath.config   resolv.conf
ashleymk@sandbox:/etc$ cd apache2
ashleymk@sandbox:/etc/apache2$ ls -la
total 88
drwxr-xr-x  8 root root  4096 Aug 22 19:55 .
drwxr-xr-x 80 root root  4096 Aug 22 21:18 ..
-rw-r--r--  1 root root  7115 Jan  7  2014 apache2.conf
drwxr-xr-x  2 root root  4096 Aug 22 19:55 conf-available
drwxr-xr-x  2 root root  4096 Aug 22 19:55 conf-enabled
-rw-r--r--  1 root root  1782 Jan  3  2014 envvars
-rw-r--r--  1 root root 31063 Jan  3  2014 magic
drwxr-xr-x  2 root root 12288 Aug 22 19:55 mods-available
drwxr-xr-x  2 root root  4096 Aug 22 21:03 mods-enabled
-rw-r--r--  1 root root   332 Aug 22 20:59 ports.conf
drwxr-xr-x  2 root root  4096 Aug 22 21:01 sites-available
drwxr-xr-x  2 root root  4096 Aug 22 21:02 sites-enabled
ashleymk@sandbox:/etc/apache2$ ls -la sites-available
total 28
drwxr-xr-x 2 root root 4096 Aug 22 21:01 .
drwxr-xr-x 8 root root 4096 Aug 22 19:55 ..
-rw-r--r-- 1 root root 1332 Jan  7  2014 000-default.conf
-rw-r--r-- 1 root root 6437 Jan  7  2014 default-ssl.conf
-rw-r--r-- 1 root root  209 Aug 22 21:01 vboxsf.conf
-rw-r--r-- 1 root root  209 Aug 22 20:58 vboxsf.xonf
ashleymk@sandbox:/etc/apache2$ ls -la sites-enabled
total 8
drwxr-xr-x 2 root root 4096 Aug 22 21:02 .
drwxr-xr-x 8 root root 4096 Aug 22 19:55 ..
lrwxrwxrwx 1 root root   30 Aug 22 21:01 vboxsf.conf -> ../sites-available/vboxsf.conf
ashleymk@sandbox:/etc/apache2$ sudoedit sites-available/vboxsf.conf
[sudo] password for ashleymk: 
ashleymk@sandbox:/etc/apache2$ sudoedit port.conf
sudoedit: port.conf unchanged
ashleymk@sandbox:/etc/apache2$ sudoedit ports.conf
sudoedit: ports.conf unchanged
ashleymk@sandbox:/etc/apache2$ sudo a2ensite vboxsf
Site vboxsf already enabled
ashleymk@sandbox:/etc/apache2$ sudo a2dissite 000-default
Site 000-default already disabled
ashleymk@sandbox:/etc/apache2$ sudo a2enmod rewrite
Module rewrite already enabled
ashleymk@sandbox:/etc/apache2$ sudo a2enmod vhost_alias
Module vhost_alias already enabled
ashleymk@sandbox:/etc/apache2$ sudo service apache2 restart
 * Restarting web server apache2                                         [ OK ] 
ashleymk@sandbox:/etc/apache2$ cd /etc/php5
ashleymk@sandbox:/etc/php5$ ls -la
total 20
drwxr-xr-x  5 root root 4096 Aug 22 19:55 .
drwxr-xr-x 80 root root 4096 Aug 22 21:18 ..
drwxr-xr-x  3 root root 4096 Aug 22 19:55 apache2
drwxr-xr-x  3 root root 4096 Aug 22 19:55 cli
drwxr-xr-x  2 root root 4096 Aug 22 19:55 mods-available
ashleymk@sandbox:/etc/php5$ ls -la mods-available
total 36
drwxr-xr-x 2 root root 4096 Aug 22 19:55 .
drwxr-xr-x 5 root root 4096 Aug 22 19:55 ..
-rw-r--r-- 1 root root   68 Feb 18  2014 json.ini
-rw-r--r-- 1 root root   71 Jul  2 11:56 mysqli.ini
-rw-r--r-- 1 root root   70 Jul  2 11:56 mysql.ini
-rw-r--r-- 1 root root   83 Jul  2 11:56 opcache.ini
-rw-r--r-- 1 root root   66 Jul  2 11:56 pdo.ini
-rw-r--r-- 1 root root   74 Jul  2 11:56 pdo_mysql.ini
-rw-r--r-- 1 root root   76 Jul  2 11:56 readline.ini
ashleymk@sandbox:/etc/php5$ ls -la apache2
total 84
drwxr-xr-x 3 root root  4096 Aug 22 19:55 .
drwxr-xr-x 5 root root  4096 Aug 22 19:55 ..
drwxr-xr-x 2 root root  4096 Aug 22 19:55 conf.d
-rw-r--r-- 1 root root 69891 Jul  2 11:56 php.ini
ashleymk@sandbox:/etc/php5$ ls -la apache2/conf.d
total 8
drwxr-xr-x 2 root root 4096 Aug 22 19:55 .
drwxr-xr-x 3 root root 4096 Aug 22 19:55 ..
lrwxrwxrwx 1 root root   32 Aug 22 19:55 05-opcache.ini -> ../../mods-available/opcache.ini
lrwxrwxrwx 1 root root   28 Aug 22 19:55 10-pdo.ini -> ../../mods-available/pdo.ini
lrwxrwxrwx 1 root root   29 Aug 22 19:55 20-json.ini -> ../../mods-available/json.ini
lrwxrwxrwx 1 root root   31 Aug 22 19:55 20-mysqli.ini -> ../../mods-available/mysqli.ini
lrwxrwxrwx 1 root root   30 Aug 22 19:55 20-mysql.ini -> ../../mods-available/mysql.ini
lrwxrwxrwx 1 root root   34 Aug 22 19:55 20-pdo_mysql.ini -> ../../mods-available/pdo_mysql.ini
lrwxrwxrwx 1 root root   33 Aug 22 19:55 20-readline.ini -> ../../mods-available/readline.ini
ashleymk@sandbox:/etc/php5$ sudoedit /etc/php5/mods-available/custom.ini
ashleymk@sandbox:/etc/php5$ sudo php5enmod custom
ashleymk@sandbox:/etc/php5$ php5query -M
pdo_mysql
readline
opcache
custom
mysqli
mysql
json
pdo
ashleymk@sandbox:/etc/php5$ sudo touch /var/log/php_errors.log
ashleymk@sandbox:/etc/php5$ sudo chown www-data: /var/log/php_errors.log
ashleymk@sandbox:/etc/php5$ sudo apt-get install php5-intl php5-sqlite php5-mcrtpy
Reading package lists... Done
Building dependency tree       
Reading state information... Done
E: Unable to locate package php5-mcrtpy
ashleymk@sandbox:/etc/php5$ sudo php5enmod mcypt
WARNING: Module mcypt ini file doesn't exist under /etc/php5/mods-available
WARNING: Module mcypt ini file doesn't exist under /etc/php5/mods-available
ashleymk@sandbox:/etc/php5$ apt-get install php5-intl php5-sqlite php5-mcrypt
E: Could not open lock file /var/lib/dpkg/lock - open (13: Permission denied)
E: Unable to lock the administration directory (/var/lib/dpkg/), are you root?
ashleymk@sandbox:/etc/php5$ sudo touch /var/log/php_errors.log
ashleymk@sandbox:/etc/php5$ sudo chown www-data: /var/log/php_errors.log
ashleymk@sandbox:/etc/php5$ sudo apt-get install php5-intl php5-sqlite php5-mcrypt
Reading package lists... Done
Building dependency tree       
Reading state information... Done
The following extra packages will be installed:
  libicu52 libmcrypt4
Suggested packages:
  libmcrypt-dev mcrypt
The following NEW packages will be installed:
  libicu52 libmcrypt4 php5-intl php5-mcrypt php5-sqlite
0 upgraded, 5 newly installed, 0 to remove and 4 not upgraded.
Need to get 6,962 kB of archives.
After this operation, 28.8 MB of additional disk space will be used.
Do you want to continue? [Y/n] y
Get:1 http://us.archive.ubuntu.com/ubuntu/ trusty-updates/main libicu52 amd64 52.1-3ubuntu0.3 [6,752 kB]
Get:2 http://us.archive.ubuntu.com/ubuntu/ trusty-updates/universe php5-intl amd64 5.5.9+dfsg-1ubuntu4.11 [109 kB]
Get:3 http://us.archive.ubuntu.com/ubuntu/ trusty-updates/main php5-sqlite amd64 5.5.9+dfsg-1ubuntu4.11 [24.3 kB]
Get:4 http://us.archive.ubuntu.com/ubuntu/ trusty/universe libmcrypt4 amd64 2.5.8-3.1ubuntu1 [61.9 kB]
Get:5 http://us.archive.ubuntu.com/ubuntu/ trusty/universe php5-mcrypt amd64 5.4.6-0ubuntu5 [15.4 kB]
Fetched 6,962 kB in 3s (1,928 kB/s)
Selecting previously unselected package libicu52:amd64.
(Reading database ... 76150 files and directories currently installed.)
Preparing to unpack .../libicu52_52.1-3ubuntu0.3_amd64.deb ...
Unpacking libicu52:amd64 (52.1-3ubuntu0.3) ...
Selecting previously unselected package php5-intl.
Preparing to unpack .../php5-intl_5.5.9+dfsg-1ubuntu4.11_amd64.deb ...
Unpacking php5-intl (5.5.9+dfsg-1ubuntu4.11) ...
Selecting previously unselected package php5-sqlite.
Preparing to unpack .../php5-sqlite_5.5.9+dfsg-1ubuntu4.11_amd64.deb ...
Unpacking php5-sqlite (5.5.9+dfsg-1ubuntu4.11) ...
Selecting previously unselected package libmcrypt4.
Preparing to unpack .../libmcrypt4_2.5.8-3.1ubuntu1_amd64.deb ...
Unpacking libmcrypt4 (2.5.8-3.1ubuntu1) ...
Selecting previously unselected package php5-mcrypt.
Preparing to unpack .../php5-mcrypt_5.4.6-0ubuntu5_amd64.deb ...
Unpacking php5-mcrypt (5.4.6-0ubuntu5) ...
Processing triggers for libapache2-mod-php5 (5.5.9+dfsg-1ubuntu4.11) ...
Setting up libicu52:amd64 (52.1-3ubuntu0.3) ...
Setting up php5-intl (5.5.9+dfsg-1ubuntu4.11) ...

Creating config file /etc/php5/mods-available/intl.ini with new version
php5_invoke: Enable module intl for cli SAPI
php5_invoke: Enable module intl for apache2 SAPI
Setting up php5-sqlite (5.5.9+dfsg-1ubuntu4.11) ...

Creating config file /etc/php5/mods-available/sqlite3.ini with new version
php5_invoke: Enable module sqlite3 for cli SAPI
php5_invoke: Enable module sqlite3 for apache2 SAPI

Creating config file /etc/php5/mods-available/pdo_sqlite.ini with new version
php5_invoke: Enable module pdo_sqlite for cli SAPI
php5_invoke: Enable module pdo_sqlite for apache2 SAPI
Setting up libmcrypt4 (2.5.8-3.1ubuntu1) ...
Setting up php5-mcrypt (5.4.6-0ubuntu5) ...
Processing triggers for libc-bin (2.19-0ubuntu6.6) ...
Processing triggers for libapache2-mod-php5 (5.5.9+dfsg-1ubuntu4.11) ...
ashleymk@sandbox:/etc/php5$ sudo php5enmod mcrypt
ashleymk@sandbox:/etc/php5$ sudo service apache2 restart
 * Restarting web server apache2                                              [ OK ] 
ashleymk@sandbox:/etc/php5$ tail /var/log/php_errors.log
[22-Aug-2015 21:46:19 America/New_York] PHP Notice:  Undefined variable: array in /media/sf_sandbox/errors.php on line 3
[22-Aug-2015 21:46:19 America/New_York] PHP Warning:  fopen() expects at least 2 parameters, 0 given in /media/sf_sandbox/errors.php on line 5
[22-Aug-2015 21:46:19 America/New_York] PHP Fatal error:  Call to undefined function fail() in /media/sf_sandbox/errors.php on line 7
ashleymk@sandbox:/etc/php5$ 
