Last login: Sat Aug 22 20:02:41 on ttys001
Ashleys-MacBook-Pro:~ electrikoala$ ssh sandbox.dev
Welcome to Ubuntu 14.04.3 LTS (GNU/Linux 3.19.0-25-generic x86_64)

 * Documentation:  https://help.ubuntu.com/
Last login: Sat Aug 22 20:28:24 2015 from 10.0.2.2
ashleymk@sandbox:~$ sudo apt-get update
[sudo] password for ashleymk: 
Ign http://security.ubuntu.com trusty-security InRelease
Ign http://us.archive.ubuntu.com trusty InRelease
Get:1 http://security.ubuntu.com trusty-security Release.gpg [933 B]
Ign http://us.archive.ubuntu.com trusty-updates InRelease
Get:2 http://security.ubuntu.com trusty-security Release [63.5 kB]
Ign http://us.archive.ubuntu.com trusty-backports InRelease
Hit http://us.archive.ubuntu.com trusty Release.gpg
Get:3 http://us.archive.ubuntu.com trusty-updates Release.gpg [933 B]
Hit http://us.archive.ubuntu.com trusty-backports Release.gpg 
Get:4 http://security.ubuntu.com trusty-security/main Sources [92.2 kB]
Hit http://us.archive.ubuntu.com trusty Release         
Get:5 http://us.archive.ubuntu.com trusty-updates Release [63.5 kB]            
Get:6 http://security.ubuntu.com trusty-security/restricted Sources [2,061 B]
Get:7 http://security.ubuntu.com trusty-security/universe Sources [29.8 kB]    
Get:8 http://security.ubuntu.com trusty-security/multiverse Sources [2,330 B]  
Hit http://us.archive.ubuntu.com trusty-backports Release 
Get:9 http://security.ubuntu.com trusty-security/main amd64 Packages [333 kB]
Hit http://us.archive.ubuntu.com trusty/main Sources    
Hit http://us.archive.ubuntu.com trusty/restricted Sources                 
Hit http://us.archive.ubuntu.com trusty/universe Sources                       
Get:10 http://security.ubuntu.com trusty-security/restricted amd64 Packages [8,875 B]
Hit http://us.archive.ubuntu.com trusty/multiverse Sources                     
Get:11 http://security.ubuntu.com trusty-security/universe amd64 Packages [114 kB]
Hit http://us.archive.ubuntu.com trusty/main amd64 Packages                    
Get:12 http://security.ubuntu.com trusty-security/multiverse amd64 Packages [3,686 B]
Hit http://us.archive.ubuntu.com trusty/restricted amd64 Packages              
Get:13 http://security.ubuntu.com trusty-security/main i386 Packages [317 kB]  
Hit http://us.archive.ubuntu.com trusty/universe amd64 Packages            
Hit http://us.archive.ubuntu.com trusty/multiverse amd64 Packages              
Get:14 http://security.ubuntu.com trusty-security/restricted i386 Packages [8,846 B]
Hit http://us.archive.ubuntu.com trusty/main i386 Packages                     
Get:15 http://security.ubuntu.com trusty-security/universe i386 Packages [114 kB]
Hit http://us.archive.ubuntu.com trusty/restricted i386 Packages               
Get:16 http://security.ubuntu.com trusty-security/multiverse i386 Packages [3,830 B]
Hit http://security.ubuntu.com trusty-security/main Translation-en             
Hit http://us.archive.ubuntu.com trusty/universe i386 Packages    
Hit http://security.ubuntu.com trusty-security/multiverse Translation-en
Hit http://us.archive.ubuntu.com trusty/multiverse i386 Packages    
Hit http://security.ubuntu.com trusty-security/restricted Translation-en
Hit http://us.archive.ubuntu.com trusty/main Translation-en         
Hit http://security.ubuntu.com trusty-security/universe Translation-en
Hit http://us.archive.ubuntu.com trusty/multiverse Translation-en  
Hit http://us.archive.ubuntu.com trusty/restricted Translation-en
Hit http://us.archive.ubuntu.com trusty/universe Translation-en
Get:17 http://us.archive.ubuntu.com trusty-updates/main Sources [230 kB]
Get:18 http://us.archive.ubuntu.com trusty-updates/restricted Sources [4,725 B]
Get:19 http://us.archive.ubuntu.com trusty-updates/universe Sources [134 kB]   
Get:20 http://us.archive.ubuntu.com trusty-updates/multiverse Sources [5,143 B]
Get:21 http://us.archive.ubuntu.com trusty-updates/main amd64 Packages [606 kB]
Get:22 http://us.archive.ubuntu.com trusty-updates/restricted amd64 Packages [15.4 kB]
Get:23 http://us.archive.ubuntu.com trusty-updates/universe amd64 Packages [309 kB]
Get:24 http://us.archive.ubuntu.com trusty-updates/multiverse amd64 Packages [11.9 kB]
Get:25 http://us.archive.ubuntu.com trusty-updates/main i386 Packages [586 kB] 
Get:26 http://us.archive.ubuntu.com trusty-updates/restricted i386 Packages [15.1 kB]
Get:27 http://us.archive.ubuntu.com trusty-updates/universe i386 Packages [310 kB]
Get:28 http://us.archive.ubuntu.com trusty-updates/multiverse i386 Packages [12.1 kB]
Hit http://us.archive.ubuntu.com trusty-updates/main Translation-en
Hit http://us.archive.ubuntu.com trusty-updates/multiverse Translation-en
Hit http://us.archive.ubuntu.com trusty-updates/restricted Translation-en
Hit http://us.archive.ubuntu.com trusty-updates/universe Translation-en
Hit http://us.archive.ubuntu.com trusty-backports/main Sources
Hit http://us.archive.ubuntu.com trusty-backports/restricted Sources
Hit http://us.archive.ubuntu.com trusty-backports/universe Sources
Hit http://us.archive.ubuntu.com trusty-backports/multiverse Sources
Hit http://us.archive.ubuntu.com trusty-backports/main amd64 Packages
Hit http://us.archive.ubuntu.com trusty-backports/restricted amd64 Packages
Hit http://us.archive.ubuntu.com trusty-backports/universe amd64 Packages
Hit http://us.archive.ubuntu.com trusty-backports/multiverse amd64 Packages
Hit http://us.archive.ubuntu.com trusty-backports/main i386 Packages
Hit http://us.archive.ubuntu.com trusty-backports/restricted i386 Packages
Hit http://us.archive.ubuntu.com trusty-backports/universe i386 Packages
Hit http://us.archive.ubuntu.com trusty-backports/multiverse i386 Packages
Hit http://us.archive.ubuntu.com trusty-backports/main Translation-en
Hit http://us.archive.ubuntu.com trusty-backports/multiverse Translation-en
Hit http://us.archive.ubuntu.com trusty-backports/restricted Translation-en
Hit http://us.archive.ubuntu.com trusty-backports/universe Translation-en
Ign http://us.archive.ubuntu.com trusty/main Translation-en_US
Ign http://us.archive.ubuntu.com trusty/multiverse Translation-en_US
Ign http://us.archive.ubuntu.com trusty/restricted Translation-en_US
Ign http://us.archive.ubuntu.com trusty/universe Translation-en_US
Fetched 3,398 kB in 5s (605 kB/s)
Reading package lists... Done
ashleymk@sandbox:~$ sudo apt-get upgrade -y
Reading package lists... Done
Building dependency tree       
Reading state information... Done
Calculating upgrade... Done
The following packages have been kept back:
  linux-headers-generic-lts-vivid linux-headers-virtual-lts-vivid
  linux-image-virtual-lts-vivid linux-virtual-lts-vivid
The following packages will be upgraded:
  openssh-client openssh-server openssh-sftp-server tzdata
4 upgraded, 0 newly installed, 0 to remove and 4 not upgraded.
Need to get 1,088 kB of archives.
After this operation, 0 B of additional disk space will be used.
Get:1 http://us.archive.ubuntu.com/ubuntu/ trusty-updates/main tzdata all 2015f-0ubuntu0.14.04 [171 kB]
Get:2 http://us.archive.ubuntu.com/ubuntu/ trusty-updates/main openssh-sftp-server amd64 1:6.6p1-2ubuntu2.3 [34.1 kB]
Get:3 http://us.archive.ubuntu.com/ubuntu/ trusty-updates/main openssh-server amd64 1:6.6p1-2ubuntu2.3 [319 kB]
Get:4 http://us.archive.ubuntu.com/ubuntu/ trusty-updates/main openssh-client amd64 1:6.6p1-2ubuntu2.3 [564 kB]
Fetched 1,088 kB in 0s (1,216 kB/s) 
Preconfiguring packages ...
(Reading database ... 45571 files and directories currently installed.)
Preparing to unpack .../tzdata_2015f-0ubuntu0.14.04_all.deb ...
Unpacking tzdata (2015f-0ubuntu0.14.04) over (2015d-0ubuntu0.14.04) ...
Setting up tzdata (2015f-0ubuntu0.14.04) ...

Current default time zone: 'America/New_York'
Local time is now:      Sat Aug 22 20:33:09 EDT 2015.
Universal Time is now:  Sun Aug 23 00:33:09 UTC 2015.
Run 'dpkg-reconfigure tzdata' if you wish to change it.

(Reading database ... 45571 files and directories currently installed.)
Preparing to unpack .../openssh-sftp-server_1%3a6.6p1-2ubuntu2.3_amd64.deb ...
Unpacking openssh-sftp-server (1:6.6p1-2ubuntu2.3) over (1:6.6p1-2ubuntu2) ...
Preparing to unpack .../openssh-server_1%3a6.6p1-2ubuntu2.3_amd64.deb ...
Unpacking openssh-server (1:6.6p1-2ubuntu2.3) over (1:6.6p1-2ubuntu2) ...
Preparing to unpack .../openssh-client_1%3a6.6p1-2ubuntu2.3_amd64.deb ...
Unpacking openssh-client (1:6.6p1-2ubuntu2.3) over (1:6.6p1-2ubuntu2) ...
Processing triggers for ureadahead (0.100.0-16) ...
ureadahead will be reprofiled on next reboot
Setting up openssh-client (1:6.6p1-2ubuntu2.3) ...
Setting up openssh-sftp-server (1:6.6p1-2ubuntu2.3) ...
Setting up openssh-server (1:6.6p1-2ubuntu2.3) ...
ssh stop/waiting
ssh start/running, process 1145
ashleymk@sandbox:~$ sudo apt-get upgrade -y
Reading package lists... Done
Building dependency tree       
Reading state information... Done
Calculating upgrade... Done
The following packages have been kept back:
  linux-headers-generic-lts-vivid linux-headers-virtual-lts-vivid
  linux-image-virtual-lts-vivid linux-virtual-lts-vivid
0 upgraded, 0 newly installed, 0 to remove and 4 not upgraded.
ashleymk@sandbox:~$ sudo apt-get upgrade -y
Reading package lists... Done
Building dependency tree       
Reading state information... Done
Calculating upgrade... Done
The following packages have been kept back:
  linux-headers-generic-lts-vivid linux-headers-virtual-lts-vivid
  linux-image-virtual-lts-vivid linux-virtual-lts-vivid
0 upgraded, 0 newly installed, 0 to remove and 4 not upgraded.
ashleymk@sandbox:~$ sudo apt-get install build-essential linux-headers-virtual dkms nano zip unzip wget curl man-db acpid -y
Reading package lists... Done
Building dependency tree       
Reading state information... Done
wget is already the newest version.
wget set to manually installed.
The following extra packages will be installed:
  binutils bsdmainutils cpp cpp-4.8 dpkg-dev fakeroot g++ g++-4.8 gcc gcc-4.8
  groff-base libalgorithm-diff-perl libalgorithm-diff-xs-perl
  libalgorithm-merge-perl libasan0 libatomic1 libc-dev-bin libc6-dev
  libcloog-isl4 libcurl3 libdpkg-perl libfakeroot libfile-fcntllock-perl
  libgcc-4.8-dev libgmp10 libgomp1 libisl10 libitm1 libmpc3 libmpfr4
  libpipeline1 libquadmath0 librtmp0 libstdc++-4.8-dev libtsan0
  linux-headers-3.13.0-62 linux-headers-3.13.0-62-generic
  linux-headers-generic linux-libc-dev make manpages manpages-dev patch
Suggested packages:
  binutils-doc wamerican wordlist whois vacation cpp-doc gcc-4.8-locales
  debhelper debian-keyring g++-multilib g++-4.8-multilib gcc-4.8-doc
  libstdc++6-4.8-dbg gcc-multilib autoconf automake1.9 libtool flex bison gdb
  gcc-doc gcc-4.8-multilib libgcc1-dbg libgomp1-dbg libitm1-dbg libatomic1-dbg
  libasan0-dbg libtsan0-dbg libquadmath0-dbg groff glibc-doc libstdc++-4.8-doc
  make-doc www-browser man-browser spell ed diffutils-doc
The following NEW packages will be installed:
  acpid binutils bsdmainutils build-essential cpp cpp-4.8 curl dkms dpkg-dev
  fakeroot g++ g++-4.8 gcc gcc-4.8 groff-base libalgorithm-diff-perl
  libalgorithm-diff-xs-perl libalgorithm-merge-perl libasan0 libatomic1
  libc-dev-bin libc6-dev libcloog-isl4 libcurl3 libdpkg-perl libfakeroot
  libfile-fcntllock-perl libgcc-4.8-dev libgmp10 libgomp1 libisl10 libitm1
  libmpc3 libmpfr4 libpipeline1 libquadmath0 librtmp0 libstdc++-4.8-dev
  libtsan0 linux-headers-3.13.0-62 linux-headers-3.13.0-62-generic
  linux-headers-generic linux-headers-virtual linux-libc-dev make man-db
  manpages manpages-dev nano patch unzip zip
0 upgraded, 52 newly installed, 0 to remove and 4 not upgraded.
Need to get 50.0 MB of archives.
After this operation, 199 MB of additional disk space will be used.
Get:1 http://us.archive.ubuntu.com/ubuntu/ trusty/main libpipeline1 amd64 1.3.0-1 [24.0 kB]
Get:2 http://us.archive.ubuntu.com/ubuntu/ trusty/main librtmp0 amd64 2.4+20121230.gitdf6c518-1 [57.5 kB]
Get:3 http://us.archive.ubuntu.com/ubuntu/ trusty/main groff-base amd64 1.22.2-5 [1,053 kB]
Get:4 http://us.archive.ubuntu.com/ubuntu/ trusty/main bsdmainutils amd64 9.0.5ubuntu1 [203 kB]
Get:5 http://us.archive.ubuntu.com/ubuntu/ trusty-updates/main man-db amd64 2.6.7.1-1ubuntu1 [857 kB]
Get:6 http://us.archive.ubuntu.com/ubuntu/ trusty-updates/main libasan0 amd64 4.8.4-2ubuntu1~14.04 [63.0 kB]
Get:7 http://us.archive.ubuntu.com/ubuntu/ trusty-updates/main libatomic1 amd64 4.8.4-2ubuntu1~14.04 [8,650 B]
Get:8 http://us.archive.ubuntu.com/ubuntu/ trusty/main libgmp10 amd64 2:5.1.3+dfsg-1ubuntu1 [218 kB]
Get:9 http://us.archive.ubuntu.com/ubuntu/ trusty/main libisl10 amd64 0.12.2-1 [419 kB]
Get:10 http://us.archive.ubuntu.com/ubuntu/ trusty/main libcloog-isl4 amd64 0.18.2-1 [57.5 kB]
Get:11 http://us.archive.ubuntu.com/ubuntu/ trusty-updates/main libcurl3 amd64 7.35.0-1ubuntu2.5 [173 kB]
Get:12 http://us.archive.ubuntu.com/ubuntu/ trusty-updates/main libgomp1 amd64 4.8.4-2ubuntu1~14.04 [23.1 kB]
Get:13 http://us.archive.ubuntu.com/ubuntu/ trusty-updates/main libitm1 amd64 4.8.4-2ubuntu1~14.04 [28.6 kB]
Get:14 http://us.archive.ubuntu.com/ubuntu/ trusty/main libmpfr4 amd64 3.1.2-1 [203 kB]
Get:15 http://us.archive.ubuntu.com/ubuntu/ trusty-updates/main libquadmath0 amd64 4.8.4-2ubuntu1~14.04 [126 kB]
Get:16 http://us.archive.ubuntu.com/ubuntu/ trusty-updates/main libtsan0 amd64 4.8.4-2ubuntu1~14.04 [94.7 kB]
Get:17 http://us.archive.ubuntu.com/ubuntu/ trusty/main libmpc3 amd64 1.0.1-1ubuntu1 [38.4 kB]
Get:18 http://us.archive.ubuntu.com/ubuntu/ trusty/main manpages all 3.54-1ubuntu1 [627 kB]
Get:19 http://us.archive.ubuntu.com/ubuntu/ trusty/main nano amd64 2.2.6-1ubuntu1 [194 kB]
Get:20 http://us.archive.ubuntu.com/ubuntu/ trusty/main acpid amd64 1:2.0.21-1ubuntu2 [35.0 kB]
Get:21 http://us.archive.ubuntu.com/ubuntu/ trusty-updates/main binutils amd64 2.24-5ubuntu13 [2,076 kB]
Get:22 http://us.archive.ubuntu.com/ubuntu/ trusty-updates/main libc-dev-bin amd64 2.19-0ubuntu6.6 [68.9 kB]
Get:23 http://us.archive.ubuntu.com/ubuntu/ trusty-updates/main linux-libc-dev amd64 3.13.0-62.102 [776 kB]
Get:24 http://us.archive.ubuntu.com/ubuntu/ trusty-updates/main libc6-dev amd64 2.19-0ubuntu6.6 [1,910 kB]
Get:25 http://us.archive.ubuntu.com/ubuntu/ trusty-updates/main cpp-4.8 amd64 4.8.4-2ubuntu1~14.04 [4,597 kB]
Get:26 http://us.archive.ubuntu.com/ubuntu/ trusty/main cpp amd64 4:4.8.2-1ubuntu6 [27.5 kB]
Get:27 http://us.archive.ubuntu.com/ubuntu/ trusty-updates/main libgcc-4.8-dev amd64 4.8.4-2ubuntu1~14.04 [1,687 kB]
Get:28 http://us.archive.ubuntu.com/ubuntu/ trusty-updates/main gcc-4.8 amd64 4.8.4-2ubuntu1~14.04 [5,049 kB]
Get:29 http://us.archive.ubuntu.com/ubuntu/ trusty/main gcc amd64 4:4.8.2-1ubuntu6 [5,098 B]
Get:30 http://us.archive.ubuntu.com/ubuntu/ trusty-updates/main libstdc++-4.8-dev amd64 4.8.4-2ubuntu1~14.04 [1,052 kB]
Get:31 http://us.archive.ubuntu.com/ubuntu/ trusty-updates/main g++-4.8 amd64 4.8.4-2ubuntu1~14.04 [15.0 MB]
Get:32 http://us.archive.ubuntu.com/ubuntu/ trusty/main g++ amd64 4:4.8.2-1ubuntu6 [1,490 B]
Get:33 http://us.archive.ubuntu.com/ubuntu/ trusty/main make amd64 3.81-8.2ubuntu3 [119 kB]
Get:34 http://us.archive.ubuntu.com/ubuntu/ trusty-updates/main libdpkg-perl all 1.17.5ubuntu5.4 [179 kB]
Get:35 http://us.archive.ubuntu.com/ubuntu/ trusty-updates/main patch amd64 2.7.1-4ubuntu2.3 [86.4 kB]
Get:36 http://us.archive.ubuntu.com/ubuntu/ trusty-updates/main dpkg-dev all 1.17.5ubuntu5.4 [726 kB]
Get:37 http://us.archive.ubuntu.com/ubuntu/ trusty/main build-essential amd64 11.6ubuntu6 [4,838 B]
Get:38 http://us.archive.ubuntu.com/ubuntu/ trusty-updates/main curl amd64 7.35.0-1ubuntu2.5 [123 kB]
Get:39 http://us.archive.ubuntu.com/ubuntu/ trusty-updates/main dkms all 2.2.0.3-1.1ubuntu5.14.04.1 [64.6 kB]
Get:40 http://us.archive.ubuntu.com/ubuntu/ trusty/main libfakeroot amd64 1.20-3ubuntu2 [25.4 kB]
Get:41 http://us.archive.ubuntu.com/ubuntu/ trusty/main fakeroot amd64 1.20-3ubuntu2 [55.0 kB]
Get:42 http://us.archive.ubuntu.com/ubuntu/ trusty/main libalgorithm-diff-perl all 1.19.02-3 [50.0 kB]
Get:43 http://us.archive.ubuntu.com/ubuntu/ trusty/main libalgorithm-diff-xs-perl amd64 0.04-2build4 [12.6 kB]
Get:44 http://us.archive.ubuntu.com/ubuntu/ trusty/main libalgorithm-merge-perl all 0.08-2 [12.7 kB]
Get:45 http://us.archive.ubuntu.com/ubuntu/ trusty/main libfile-fcntllock-perl amd64 0.14-2build1 [15.9 kB]
Get:46 http://us.archive.ubuntu.com/ubuntu/ trusty-updates/main linux-headers-3.13.0-62 all 3.13.0-62.102 [8,873 kB]
Get:47 http://us.archive.ubuntu.com/ubuntu/ trusty-updates/main linux-headers-3.13.0-62-generic amd64 3.13.0-62.102 [707 kB]
Get:48 http://us.archive.ubuntu.com/ubuntu/ trusty-updates/main linux-headers-generic amd64 3.13.0.62.69 [2,278 B]
Get:49 http://us.archive.ubuntu.com/ubuntu/ trusty-updates/main linux-headers-virtual amd64 3.13.0.62.69 [1,756 B]
Get:50 http://us.archive.ubuntu.com/ubuntu/ trusty/main manpages-dev all 3.54-1ubuntu1 [1,820 kB]
Get:51 http://us.archive.ubuntu.com/ubuntu/ trusty-updates/main unzip amd64 6.0-9ubuntu1.3 [157 kB]
Get:52 http://us.archive.ubuntu.com/ubuntu/ trusty/main zip amd64 3.0-8 [262 kB]
Fetched 50.0 MB in 9s (5,307 kB/s)                                             
Extracting templates from packages: 100%
Preconfiguring packages ...
Selecting previously unselected package libpipeline1:amd64.
(Reading database ... 45571 files and directories currently installed.)
Preparing to unpack .../libpipeline1_1.3.0-1_amd64.deb ...
Unpacking libpipeline1:amd64 (1.3.0-1) ...
Selecting previously unselected package librtmp0:amd64.
Preparing to unpack .../librtmp0_2.4+20121230.gitdf6c518-1_amd64.deb ...
Unpacking librtmp0:amd64 (2.4+20121230.gitdf6c518-1) ...
Selecting previously unselected package groff-base.
Preparing to unpack .../groff-base_1.22.2-5_amd64.deb ...
Unpacking groff-base (1.22.2-5) ...
Selecting previously unselected package bsdmainutils.
Preparing to unpack .../bsdmainutils_9.0.5ubuntu1_amd64.deb ...
Unpacking bsdmainutils (9.0.5ubuntu1) ...
Selecting previously unselected package man-db.
Preparing to unpack .../man-db_2.6.7.1-1ubuntu1_amd64.deb ...
Unpacking man-db (2.6.7.1-1ubuntu1) ...
Selecting previously unselected package libasan0:amd64.
Preparing to unpack .../libasan0_4.8.4-2ubuntu1~14.04_amd64.deb ...
Unpacking libasan0:amd64 (4.8.4-2ubuntu1~14.04) ...
Selecting previously unselected package libatomic1:amd64.
Preparing to unpack .../libatomic1_4.8.4-2ubuntu1~14.04_amd64.deb ...
Unpacking libatomic1:amd64 (4.8.4-2ubuntu1~14.04) ...
Selecting previously unselected package libgmp10:amd64.
Preparing to unpack .../libgmp10_2%3a5.1.3+dfsg-1ubuntu1_amd64.deb ...
Unpacking libgmp10:amd64 (2:5.1.3+dfsg-1ubuntu1) ...
Selecting previously unselected package libisl10:amd64.
Preparing to unpack .../libisl10_0.12.2-1_amd64.deb ...
Unpacking libisl10:amd64 (0.12.2-1) ...
Selecting previously unselected package libcloog-isl4:amd64.
Preparing to unpack .../libcloog-isl4_0.18.2-1_amd64.deb ...
Unpacking libcloog-isl4:amd64 (0.18.2-1) ...
Selecting previously unselected package libcurl3:amd64.
Preparing to unpack .../libcurl3_7.35.0-1ubuntu2.5_amd64.deb ...
Unpacking libcurl3:amd64 (7.35.0-1ubuntu2.5) ...
Selecting previously unselected package libgomp1:amd64.
Preparing to unpack .../libgomp1_4.8.4-2ubuntu1~14.04_amd64.deb ...
Unpacking libgomp1:amd64 (4.8.4-2ubuntu1~14.04) ...
Selecting previously unselected package libitm1:amd64.
Preparing to unpack .../libitm1_4.8.4-2ubuntu1~14.04_amd64.deb ...
Unpacking libitm1:amd64 (4.8.4-2ubuntu1~14.04) ...
Selecting previously unselected package libmpfr4:amd64.
Preparing to unpack .../libmpfr4_3.1.2-1_amd64.deb ...
Unpacking libmpfr4:amd64 (3.1.2-1) ...
Selecting previously unselected package libquadmath0:amd64.
Preparing to unpack .../libquadmath0_4.8.4-2ubuntu1~14.04_amd64.deb ...
Unpacking libquadmath0:amd64 (4.8.4-2ubuntu1~14.04) ...
Selecting previously unselected package libtsan0:amd64.
Preparing to unpack .../libtsan0_4.8.4-2ubuntu1~14.04_amd64.deb ...
Unpacking libtsan0:amd64 (4.8.4-2ubuntu1~14.04) ...
Selecting previously unselected package libmpc3:amd64.
Preparing to unpack .../libmpc3_1.0.1-1ubuntu1_amd64.deb ...
Unpacking libmpc3:amd64 (1.0.1-1ubuntu1) ...
Selecting previously unselected package manpages.
Preparing to unpack .../manpages_3.54-1ubuntu1_all.deb ...
Unpacking manpages (3.54-1ubuntu1) ...
Selecting previously unselected package nano.
Preparing to unpack .../nano_2.2.6-1ubuntu1_amd64.deb ...
Unpacking nano (2.2.6-1ubuntu1) ...
Selecting previously unselected package acpid.
Preparing to unpack .../acpid_1%3a2.0.21-1ubuntu2_amd64.deb ...
Unpacking acpid (1:2.0.21-1ubuntu2) ...
Selecting previously unselected package binutils.
Preparing to unpack .../binutils_2.24-5ubuntu13_amd64.deb ...
Unpacking binutils (2.24-5ubuntu13) ...
Selecting previously unselected package libc-dev-bin.
Preparing to unpack .../libc-dev-bin_2.19-0ubuntu6.6_amd64.deb ...
Unpacking libc-dev-bin (2.19-0ubuntu6.6) ...
Selecting previously unselected package linux-libc-dev:amd64.
Preparing to unpack .../linux-libc-dev_3.13.0-62.102_amd64.deb ...
Unpacking linux-libc-dev:amd64 (3.13.0-62.102) ...
Selecting previously unselected package libc6-dev:amd64.
Preparing to unpack .../libc6-dev_2.19-0ubuntu6.6_amd64.deb ...
Unpacking libc6-dev:amd64 (2.19-0ubuntu6.6) ...
Selecting previously unselected package cpp-4.8.
Preparing to unpack .../cpp-4.8_4.8.4-2ubuntu1~14.04_amd64.deb ...
Unpacking cpp-4.8 (4.8.4-2ubuntu1~14.04) ...
Selecting previously unselected package cpp.
Preparing to unpack .../cpp_4%3a4.8.2-1ubuntu6_amd64.deb ...
Unpacking cpp (4:4.8.2-1ubuntu6) ...
Selecting previously unselected package libgcc-4.8-dev:amd64.
Preparing to unpack .../libgcc-4.8-dev_4.8.4-2ubuntu1~14.04_amd64.deb ...
Unpacking libgcc-4.8-dev:amd64 (4.8.4-2ubuntu1~14.04) ...
Selecting previously unselected package gcc-4.8.
Preparing to unpack .../gcc-4.8_4.8.4-2ubuntu1~14.04_amd64.deb ...
Unpacking gcc-4.8 (4.8.4-2ubuntu1~14.04) ...
Selecting previously unselected package gcc.
Preparing to unpack .../gcc_4%3a4.8.2-1ubuntu6_amd64.deb ...
Unpacking gcc (4:4.8.2-1ubuntu6) ...
Selecting previously unselected package libstdc++-4.8-dev:amd64.
Preparing to unpack .../libstdc++-4.8-dev_4.8.4-2ubuntu1~14.04_amd64.deb ...
Unpacking libstdc++-4.8-dev:amd64 (4.8.4-2ubuntu1~14.04) ...
Selecting previously unselected package g++-4.8.
Preparing to unpack .../g++-4.8_4.8.4-2ubuntu1~14.04_amd64.deb ...
Unpacking g++-4.8 (4.8.4-2ubuntu1~14.04) ...
Selecting previously unselected package g++.
Preparing to unpack .../g++_4%3a4.8.2-1ubuntu6_amd64.deb ...
Unpacking g++ (4:4.8.2-1ubuntu6) ...
Selecting previously unselected package make.
Preparing to unpack .../make_3.81-8.2ubuntu3_amd64.deb ...
Unpacking make (3.81-8.2ubuntu3) ...
Selecting previously unselected package libdpkg-perl.
Preparing to unpack .../libdpkg-perl_1.17.5ubuntu5.4_all.deb ...
Unpacking libdpkg-perl (1.17.5ubuntu5.4) ...
Selecting previously unselected package patch.
Preparing to unpack .../patch_2.7.1-4ubuntu2.3_amd64.deb ...
Unpacking patch (2.7.1-4ubuntu2.3) ...
Selecting previously unselected package dpkg-dev.
Preparing to unpack .../dpkg-dev_1.17.5ubuntu5.4_all.deb ...
Unpacking dpkg-dev (1.17.5ubuntu5.4) ...
Selecting previously unselected package build-essential.
Preparing to unpack .../build-essential_11.6ubuntu6_amd64.deb ...
Unpacking build-essential (11.6ubuntu6) ...
Selecting previously unselected package curl.
Preparing to unpack .../curl_7.35.0-1ubuntu2.5_amd64.deb ...
Unpacking curl (7.35.0-1ubuntu2.5) ...
Selecting previously unselected package dkms.
Preparing to unpack .../dkms_2.2.0.3-1.1ubuntu5.14.04.1_all.deb ...
Unpacking dkms (2.2.0.3-1.1ubuntu5.14.04.1) ...
Selecting previously unselected package libfakeroot:amd64.
Preparing to unpack .../libfakeroot_1.20-3ubuntu2_amd64.deb ...
Unpacking libfakeroot:amd64 (1.20-3ubuntu2) ...
Selecting previously unselected package fakeroot.
Preparing to unpack .../fakeroot_1.20-3ubuntu2_amd64.deb ...
Unpacking fakeroot (1.20-3ubuntu2) ...
Selecting previously unselected package libalgorithm-diff-perl.
Preparing to unpack .../libalgorithm-diff-perl_1.19.02-3_all.deb ...
Unpacking libalgorithm-diff-perl (1.19.02-3) ...
Selecting previously unselected package libalgorithm-diff-xs-perl.
Preparing to unpack .../libalgorithm-diff-xs-perl_0.04-2build4_amd64.deb ...
Unpacking libalgorithm-diff-xs-perl (0.04-2build4) ...
Selecting previously unselected package libalgorithm-merge-perl.
Preparing to unpack .../libalgorithm-merge-perl_0.08-2_all.deb ...
Unpacking libalgorithm-merge-perl (0.08-2) ...
Selecting previously unselected package libfile-fcntllock-perl.
Preparing to unpack .../libfile-fcntllock-perl_0.14-2build1_amd64.deb ...
Unpacking libfile-fcntllock-perl (0.14-2build1) ...
Selecting previously unselected package linux-headers-3.13.0-62.
Preparing to unpack .../linux-headers-3.13.0-62_3.13.0-62.102_all.deb ...
Unpacking linux-headers-3.13.0-62 (3.13.0-62.102) ...
Selecting previously unselected package linux-headers-3.13.0-62-generic.
Preparing to unpack .../linux-headers-3.13.0-62-generic_3.13.0-62.102_amd64.deb ...
Unpacking linux-headers-3.13.0-62-generic (3.13.0-62.102) ...
Selecting previously unselected package linux-headers-generic.
Preparing to unpack .../linux-headers-generic_3.13.0.62.69_amd64.deb ...
Unpacking linux-headers-generic (3.13.0.62.69) ...
Selecting previously unselected package linux-headers-virtual.
Preparing to unpack .../linux-headers-virtual_3.13.0.62.69_amd64.deb ...
Unpacking linux-headers-virtual (3.13.0.62.69) ...
Selecting previously unselected package manpages-dev.
Preparing to unpack .../manpages-dev_3.54-1ubuntu1_all.deb ...
Unpacking manpages-dev (3.54-1ubuntu1) ...
Selecting previously unselected package unzip.
Preparing to unpack .../unzip_6.0-9ubuntu1.3_amd64.deb ...
Unpacking unzip (6.0-9ubuntu1.3) ...
Selecting previously unselected package zip.
Preparing to unpack .../archives/zip_3.0-8_amd64.deb ...
Unpacking zip (3.0-8) ...
Processing triggers for mime-support (3.54ubuntu1.1) ...
Processing triggers for ureadahead (0.100.0-16) ...
Setting up libpipeline1:amd64 (1.3.0-1) ...
Setting up librtmp0:amd64 (2.4+20121230.gitdf6c518-1) ...
Setting up groff-base (1.22.2-5) ...
Setting up bsdmainutils (9.0.5ubuntu1) ...
update-alternatives: using /usr/bin/bsd-write to provide /usr/bin/write (write) in auto mode
update-alternatives: using /usr/bin/bsd-from to provide /usr/bin/from (from) in auto mode
Setting up man-db (2.6.7.1-1ubuntu1) ...
Building database of manual pages ...
Setting up libasan0:amd64 (4.8.4-2ubuntu1~14.04) ...
Setting up libatomic1:amd64 (4.8.4-2ubuntu1~14.04) ...
Setting up libgmp10:amd64 (2:5.1.3+dfsg-1ubuntu1) ...
Setting up libisl10:amd64 (0.12.2-1) ...
Setting up libcloog-isl4:amd64 (0.18.2-1) ...
Setting up libcurl3:amd64 (7.35.0-1ubuntu2.5) ...
Setting up libgomp1:amd64 (4.8.4-2ubuntu1~14.04) ...
Setting up libitm1:amd64 (4.8.4-2ubuntu1~14.04) ...
Setting up libmpfr4:amd64 (3.1.2-1) ...
Setting up libquadmath0:amd64 (4.8.4-2ubuntu1~14.04) ...
Setting up libtsan0:amd64 (4.8.4-2ubuntu1~14.04) ...
Setting up libmpc3:amd64 (1.0.1-1ubuntu1) ...
Setting up manpages (3.54-1ubuntu1) ...
Setting up nano (2.2.6-1ubuntu1) ...
update-alternatives: using /bin/nano to provide /usr/bin/editor (editor) in auto mode
update-alternatives: using /bin/nano to provide /usr/bin/pico (pico) in auto mode
Setting up acpid (1:2.0.21-1ubuntu2) ...
acpid start/running, process 14295
Setting up binutils (2.24-5ubuntu13) ...
Setting up libc-dev-bin (2.19-0ubuntu6.6) ...
Setting up linux-libc-dev:amd64 (3.13.0-62.102) ...
Setting up libc6-dev:amd64 (2.19-0ubuntu6.6) ...
Setting up cpp-4.8 (4.8.4-2ubuntu1~14.04) ...
Setting up cpp (4:4.8.2-1ubuntu6) ...
Setting up libgcc-4.8-dev:amd64 (4.8.4-2ubuntu1~14.04) ...
Setting up gcc-4.8 (4.8.4-2ubuntu1~14.04) ...
Setting up gcc (4:4.8.2-1ubuntu6) ...
Setting up libstdc++-4.8-dev:amd64 (4.8.4-2ubuntu1~14.04) ...
Setting up g++-4.8 (4.8.4-2ubuntu1~14.04) ...
Setting up g++ (4:4.8.2-1ubuntu6) ...
update-alternatives: using /usr/bin/g++ to provide /usr/bin/c++ (c++) in auto mode
Setting up make (3.81-8.2ubuntu3) ...
Setting up libdpkg-perl (1.17.5ubuntu5.4) ...
Setting up patch (2.7.1-4ubuntu2.3) ...
Setting up dpkg-dev (1.17.5ubuntu5.4) ...
Setting up build-essential (11.6ubuntu6) ...
Setting up curl (7.35.0-1ubuntu2.5) ...
Setting up dkms (2.2.0.3-1.1ubuntu5.14.04.1) ...
Setting up libfakeroot:amd64 (1.20-3ubuntu2) ...
Setting up fakeroot (1.20-3ubuntu2) ...
update-alternatives: using /usr/bin/fakeroot-sysv to provide /usr/bin/fakeroot (fakeroot) in auto mode
Setting up libalgorithm-diff-perl (1.19.02-3) ...
Setting up libalgorithm-diff-xs-perl (0.04-2build4) ...
Setting up libalgorithm-merge-perl (0.08-2) ...
Setting up libfile-fcntllock-perl (0.14-2build1) ...
Setting up linux-headers-3.13.0-62 (3.13.0-62.102) ...
Setting up linux-headers-3.13.0-62-generic (3.13.0-62.102) ...
Examining /etc/kernel/header_postinst.d.
run-parts: executing /etc/kernel/header_postinst.d/dkms 3.13.0-62-generic /boot/vmlinuz-3.13.0-62-generic
Setting up linux-headers-generic (3.13.0.62.69) ...
Setting up linux-headers-virtual (3.13.0.62.69) ...
Setting up manpages-dev (3.54-1ubuntu1) ...
Setting up unzip (6.0-9ubuntu1.3) ...
Setting up zip (3.0-8) ...
Processing triggers for libc-bin (2.19-0ubuntu6.6) ...
Processing triggers for ureadahead (0.100.0-16) ...
ashleymk@sandbox:~$ man mount
ashleymk@sandbox:~$ sudo mount /dev/cdrom /media/cdrom
mount: block device /dev/sr0 is write-protected, mounting read-only
ashleymk@sandbox:~$ sudo sh /media/cdrom/VBOXLinuxAdditions.run
sh: 0: Can't open /media/cdrom/VBOXLinuxAdditions.run
ashleymk@sandbox:~$ sudo sh /media/cdrom/VBoxLinuxAdditions.run
Verifying archive integrity... All good.
Uncompressing VirtualBox 5.0.0 Guest Additions for Linux............
VirtualBox Guest Additions installer
Copying additional installer modules ...
Installing additional modules ...
Removing existing VirtualBox DKMS kernel modules ...done.
Removing existing VirtualBox non-DKMS kernel modules ...done.
Building the VirtualBox Guest Additions kernel modules ...done.
Doing non-kernel setup of the Guest Additions ...done.
You should restart your guest to make sure the new modules are actually used

Installing the Window System drivers
Could not find the X.Org or XFree86 Window System, skipping.
ashleymk@sandbox:~$ sudo reboot

Broadcast message from ashleymk@sandbox
	(/dev/pts/0) at 20:48 ...

The system is going down for reboot NOW!
ashleymk@sandbox:~$ Connection to sandbox.dev closed by remote host.
Connection to sandbox.dev closed.
Ashleys-MacBook-Pro:~ electrikoala$ ssh sandbox.dev
Welcome to Ubuntu 14.04.3 LTS (GNU/Linux 3.19.0-25-generic x86_64)

 * Documentation:  https://help.ubuntu.com/
Last login: Sat Aug 22 20:31:11 2015
ashleymk@sandbox:~$ lsmod
Module                  Size  Used by
vboxsf                 45056  1 
ppdev                  20480  0 
crct10dif_pclmul       16384  0 
crc32_pclmul           16384  0 
ghash_clmulni_intel    16384  0 
aesni_intel           172032  0 
aes_x86_64             20480  1 aesni_intel
lrw                    16384  1 aesni_intel
gf128mul               16384  1 lrw
glue_helper            16384  1 aesni_intel
ablk_helper            16384  1 aesni_intel
cryptd                 20480  3 ghash_clmulni_intel,aesni_intel,ablk_helper
serio_raw              16384  0 
parport_pc             32768  0 
video                  20480  0 
vboxguest             278528  2 vboxsf
lp                     20480  0 
parport                45056  3 lp,ppdev,parport_pc
psmouse               114688  0 
ahci                   36864  2 
e1000                 135168  0 
libahci                32768  1 ahci
ashleymk@sandbox:~$ ls -la /media
total 12
drwxr-xr-x  4 root root   4096 Aug 22 20:47 .
drwxr-xr-x 22 root root   4096 Aug 22 19:53 ..
drwxr-xr-x  2 root root   4096 Aug 22 19:52 cdrom
drwxrwx---  1 root vboxsf   68 Aug 22 19:06 sf_sandbox
ashleymk@sandbox:~$ cd /media/sf_sandbox
-bash: cd: /media/sf_sandbox: Permission denied
ashleymk@sandbox:~$ id
uid=1000(ashleymk) gid=1000(ashleymk) groups=1000(ashleymk),4(adm),24(cdrom),27(sudo),30(dip),46(plugdev),108(lpadmin),109(sambashare)
ashleymk@sandbox:~$ getent group vboxsf
vboxsf:x:999:
ashleymk@sandbox:~$ sudo usermod -a -G vboxsf ashleymk
[sudo] password for ashleymk: 
ashleymk@sandbox:~$ cd /media/sf_sandbox
-bash: cd: /media/sf_sandbox: Permission denied
ashleymk@sandbox:~$ logout
Connection to sandbox.dev closed.
Ashleys-MacBook-Pro:~ electrikoala$ ssh sandbox.dev
Welcome to Ubuntu 14.04.3 LTS (GNU/Linux 3.19.0-25-generic x86_64)

 * Documentation:  https://help.ubuntu.com/
Last login: Sat Aug 22 20:48:53 2015 from 10.0.2.2
ashleymk@sandbox:~$ cd /media/sf_sandbox
ashleymk@sandbox:/media/sf_sandbox$ sudo usermod -a -G vboxsf www-data
[sudo] password for ashleymk: 
ashleymk@sandbox:/media/sf_sandbox$ 
